my_LCD16x2.c:23:13:LCD1602_Enable	8	static
my_LCD16x2.c:32:13:LCD1602_RS	16	static
my_LCD16x2.c:39:13:LCD1602_write	24	static
my_LCD16x2.c:81:13:LCD1602_writeCommand	16	static
my_LCD16x2.c:89:13:LCD1602_writeData	16	static
my_LCD16x2.c:97:13:LCD1602_write4bitCommand	24	static
my_LCD16x2.c:113:6:LCD1602_Begin8BIT	24	static
my_LCD16x2.c:165:6:LCD1602_Begin4BIT	24	static
my_LCD16x2.c:214:6:LCD1602_print	40	static
my_LCD16x2.c:262:6:LCD1602_setCursor	24	static
my_LCD16x2.c:277:6:LCD1602_1stLine	8	static
my_LCD16x2.c:281:6:LCD1602_2ndLine	8	static
my_LCD16x2.c:286:6:LCD1602_TwoLines	8	static
my_LCD16x2.c:291:6:LCD1602_OneLine	8	static
my_LCD16x2.c:297:6:LCD1602_noCursor	8	static
my_LCD16x2.c:302:6:LCD1602_cursor	8	static
my_LCD16x2.c:308:6:LCD1602_clear	8	static
my_LCD16x2.c:314:6:LCD1602_noBlink	8	static
my_LCD16x2.c:319:6:LCD1602_blink	8	static
my_LCD16x2.c:325:6:LCD1602_noDisplay	8	static
my_LCD16x2.c:330:6:LCD1602_display	8	static
my_LCD16x2.c:336:6:LCD1602_shiftToRight	24	static
my_LCD16x2.c:343:6:LCD1602_shiftToLeft	24	static
my_LCD16x2.c:353:6:LCD1602_PrintInt	32	static
my_LCD16x2.c:360:6:LCD1602_PrintFloat	48	static
